// Jest Snapshot v1, https://goo.gl/fbAQLP

exports[`Rate.vue demo snapshot 1`] = `
<div>
  <p>基础用法</p>
  <div class="afo-textarea-wrapper">
    <textarea placeholder="please type here..." maxlength="60" indicator="true" class="afo-textarea"></textarea> <span class="afo-textarea__indicator" style="display: none;">50</span></div>
  <div style="height: 20px;"></div>
  <p>配置计数标识</p>
  <div class="afo-textarea-wrapper">
    <textarea placeholder="please type here..." maxlength="60" indicator="true" class="afo-textarea"></textarea> <span class="afo-textarea__indicator" style="display: none;">50</span></div>
  <p>多项配置</p>
  <div class="afo-textarea-wrapper">
    <textarea placeholder="请输入内容" maxlength="100" disabled="disabled" readonly="readonly" autofocus="autofocus" indicator="true" class="afo-textarea"></textarea> <span class="afo-textarea__indicator" style="display: none;">90</span></div>
</div>
`;
